191abc
114514
cstr
1919
True
False
191abc
114514
cstr
1919
True
False
