2
4
6
8
110
246
912
1776
17798
44
22902838
3839620
